test/fixtures/not-in-scope/Foo.hs:2:7: error: [GHC-88464]
    Variable not in scope: bar

