test/fixtures/not-in-scope-qualified/Foo.hs:2:7: error: [GHC-76037]
    Not in scope: `M.catMaybes'
    NB: no module named `M' is imported.

