test/fixtures/parse-error/Foo.hs:3:6: error: [GHC-47568]
    Malformed head of type or class declaration: foo

