test/fixtures/found-type-hole-named/Foo.hs:2:23: error: [GHC-88464]
    • Found type wildcard `_foo' standing for `String'
      To use the inferred type, enable PartialTypeSignatures
    • In the type signature: foo :: FilePath -> IO _foo

