test/fixtures/unknown-import/Foo.hs:2:1: error: [GHC-87110]
    Could not find module `Bar'.
    Use -v to see a list of the files searched for.

