test/assets/not-in-scope-perhaps-use-one-of-these/Foo.hs:2:7: error: [GHC-88464]
    Variable not in scope: fold
    Suggested fix:
      Perhaps use one of these:
        `foldl' (imported from Prelude), `foldr' (imported from Prelude)

