A:2:5: error: [GHC-88464]
    • Found hole:
        _ :: String
             -> String
             -> String
             -> String
             -> String
             -> String
             -> String
             -> String
    • In an equation for `a': a = _
    • Relevant bindings include
        a :: String
             -> String
             -> String
             -> String
             -> String
             -> String
             -> String
             -> String
          (bound at A:2:1)
      Valid hole fits include
        a :: String
             -> String
             -> String
             -> String
             -> String
             -> String
             -> String
             -> String
          (bound at A:2:1)
        mempty :: forall a. Monoid a => a
          with mempty @(String
                        -> String
                        -> String
                        -> String
                        -> String
                        -> String
                        -> String
                        -> String)
          (imported from `Prelude' at A:1:1
           (and originally defined in `ghc-internal-9.1001.0:GHC.Internal.Base'))

