test/fixtures/use-BlockArguments/Foo.hs:5:10: error: [GHC-52095]
    Unexpected do block in function application:
        do return ()
    Suggested fixes:
      • Use parentheses.
      • Perhaps you intended to use the `BlockArguments' extension

