test/fixtures/missing-fields/Foo.hs:3:7: warning: [GHC-20125] [-Wmissing-fields]
    • Fields of `IOError' not initialised:
        ioe_handle :: Maybe GHC.Internal.IO.Handle.Types.Handle
        ioe_type :: IOErrorType
        ioe_location :: String
        ioe_description :: String
        ioe_errno :: Maybe GHC.Internal.Foreign.C.Types.CInt
        ioe_filename :: Maybe FilePath
    • In the expression: IOError {}
      In an equation for `foo': foo = IOError {}

