test/fixtures/term-level-use-of-type-constructor/Foo.hs:3:7: error: [GHC-01928]
    • Illegal term-level use of the type constructor `Foo'
    • defined at test/fixtures/term-level-use-of-type-constructor/Foo.hs:2:1
    • Perhaps use one of these:
        variable `foo' (line 3), `Fooa' (line 2), `Fooi' (line 2)
    • In the expression: Foo
      In an equation for `foo': foo = Foo

