test/assets/redundant-import/Foo.hs:2:1: error: [GHC-66111] [-Wunused-imports, Werror=unused-imports]
    The import of `Data.Maybe' is redundant
      except perhaps to import instances from `Data.Maybe'
    To import instances alone, use: import Data.Maybe()

