test/fixtures/not-in-scope-operator/Foo.hs:2:7: error: [GHC-88464]
    Variable not in scope: <&>
    Suggested fix:
      Perhaps use one of these:
        `<>' (imported from Prelude), `<$>' (imported from Prelude),
        `<*>' (imported from Prelude)

