test/fixtures/not-in-scope-with-type/Foo.hs:3:7: error: [GHC-88464]
    Variable not in scope: bar :: String -> Int

