<no location info>: error: [GHC-49196]
    Can't find test/fixtures/non-existing/Foo.hs

