test/fixtures/found-type-hole/Foo.hs:2:23: error: [GHC-88464]
    • Found type wildcard `_' standing for `String'
      To use the inferred type, enable PartialTypeSignatures
    • In the first argument of `IO', namely `_'
      In the type signature: foo :: FilePath -> IO _

