test/fixtures/not-in-scope-pattern/Foo.hs:3:3: error: [GHC-76037]
    Not in scope: data constructor `NoArg'

