test/fixtures/lex-error/Foo.hs:3:7: error: [GHC-21231]
    lexical error at character '\n'

