test/fixtures/multiple-error-messages/Foo.hs:3:13: error: [GHC-39999]
    • No instance for `Num String' arising from a use of `+'
    • In the expression: "foo" + 23
      In an equation for `foo': foo = "foo" + 23

