test/fixtures/not-in-scope-perhaps-use-multiline/Foo.hs:3:7: error: [GHC-88464]
    Variable not in scope: fold
    Suggested fix:
      Perhaps use one of these:
        `foldl' (imported from Data.List),
        `foldr' (imported from Data.List)

