test/fixtures/unknown-import-multiline/Foo.hs:2:1: error: [GHC-61948]
    Could not find module `Data.Binary.Gut'.
    Perhaps you meant
      Data.Binary.Get (from binary-0.8.9.3)
      Data.Binary.Put (from binary-0.8.9.3)
      Data.Binary (from binary-0.8.9.3)
    Use -v to see a list of the files searched for.

