test/fixtures/not-in-scope-type-qualified/Foo.hs:2:8: error: [GHC-76037]
    Not in scope: type constructor or class `My.Map'
    NB: no module named `My' is imported.

