test/fixtures/x-partial/Foo.hs:2:7: warning: [GHC-63394] [-Wx-partial]
    In the use of `head'
    (imported from Prelude, but defined in GHC.Internal.List):
    "This is a partial function, it throws an error on empty lists. Use pattern matching, 'Data.List.uncons' or 'Data.Maybe.listToMaybe' instead. Consider refactoring to use "Data.List.NonEmpty"."

